RAM Allocation [bytes]
Variable                                                                          Address   Size
------------------------------------------------------------------------------------------------

EEPROM Allocation [bytes]
Variable                                                                          Address   Size
------------------------------------------------------------------------------------------------

Register Allocation
Variable                                                                          Register  Size
------------------------------------------------------------------------------------------------
_lcd_x                                                                            R5           1
_lcd_y                                                                            R4           1
_lcd_maxx                                                                         R7           1

FLASH Allocation [words]
Function                                                                          Address   Size
------------------------------------------------------------------------------------------------
main                                                                              0x00062     21
_lcd_write_nibble_G100                                                            0x00077     20
_lcd_write_data                                                                   0x0008B     12
lcd_gotoxy                                                                        0x00097     13
lcd_clear                                                                         0x000A4     10
lcd_putchar                                                                       0x000AE     20
lcd_puts                                                                          0x000C2     17
lcd_init                                                                          0x000D3     36
