RAM Allocation [bytes]
Variable                                                                          Address   Size
------------------------------------------------------------------------------------------------
_base_y                                                                           0x0166       4

EEPROM Allocation [bytes]
Variable                                                                          Address   Size
------------------------------------------------------------------------------------------------

Register Allocation
Variable                                                                          Register  Size
------------------------------------------------------------------------------------------------
_lcd_x                                                                            R5           1
_lcd_y                                                                            R4           1
_lcd_maxx                                                                         R7           1

FLASH Allocation [words]
Function                                                                          Address   Size
------------------------------------------------------------------------------------------------
main                                                                              0x00062     22
_lcd_write_nibble_G100                                                            0x00078     20
_lcd_write_data                                                                   0x0008C     12
lcd_gotoxy                                                                        0x00098     13
lcd_clear                                                                         0x000A5     10
lcd_putchar                                                                       0x000AF     21
lcd_puts                                                                          0x000C4     17
lcd_init                                                                          0x000D5     42
