RAM Allocation [bytes]
Variable                                                                          Address   Size
------------------------------------------------------------------------------------------------
buffer                                                                            0x016F      20
_base_y                                                                           0x0183       4
_lcd_x                                                                            0x0187       1
_lcd_y                                                                            0x0188       1
_lcd_maxx                                                                         0x0189       1

EEPROM Allocation [bytes]
Variable                                                                          Address   Size
------------------------------------------------------------------------------------------------

Register Allocation
Variable                                                                          Register  Size
------------------------------------------------------------------------------------------------
second                                                                            R4,R5        2
minute                                                                            R6,R7        2
hour                                                                              R8,R9        2
flag1                                                                             R10,R11      2
flag2                                                                             R12,R13      2

FLASH Allocation [words]
Function                                                                          Address   Size
------------------------------------------------------------------------------------------------
timer1_ovf_isr                                                                    0x00082     43
main                                                                              0x000AD    101
_lcd_write_nibble_G100                                                            0x00112     20
_lcd_write_data                                                                   0x00126     12
lcd_gotoxy                                                                        0x00132     17
lcd_clear                                                                         0x00143     14
lcd_putchar                                                                       0x00151     32
lcd_puts                                                                          0x00171     17
lcd_init                                                                          0x00182     47
put_buff_G101                                                                     0x001B1     64
_print_G101                                                                       0x001F1    308
sprintf                                                                           0x00325     52
strlen                                                                            0x00359     12
strlenf                                                                           0x00365     13
